#-----------------------------------------------------------
# Vivado v2024.1 (64-bit)
# SW Build 5076996 on Wed May 22 18:37:14 MDT 2024
# IP Build 5075265 on Wed May 22 21:45:21 MDT 2024
# SharedData Build 5076995 on Wed May 22 18:29:18 MDT 2024
# Start of session at: Tue Nov 26 00:30:57 2024
# Process ID: 18156
# Current directory: Z:/Documents/ENGE220_simon_project
# Command line: vivado.exe -gui_launcher_event rodinguilauncherevent5876 Z:\Documents\ENGE220_simon_project\ENGE220_simon_project.xpr
# Log file: Z:/Documents/ENGE220_simon_project/vivado.log
# Journal file: Z:/Documents/ENGE220_simon_project\vivado.jou
# Running On        :WM106-ST08_01
# Platform          :Windows Server 2016 or Windows 10
# Operating System  :22631
# Processor Detail  :13th Gen Intel(R) Core(TM) i7-13700
# CPU Frequency     :2112 MHz
# CPU Physical cores:16
# CPU Logical cores :24
# Host memory       :34050 MB
# Swap memory       :5100 MB
# Total Virtual     :39151 MB
# Available Virtual :27614 MB
#-----------------------------------------------------------
start_gui
open_project Z:/Documents/ENGE220_simon_project/ENGE220_simon_project.xpr
import_files {//ceng/dblue23/Documents/ENGE220_simon_project/modules/binary_to_BCD.v //ceng/dblue23/Documents/ENGE220_simon_project/modules/lcd_string.v //ceng/dblue23/Documents/ENGE220_simon_project/modules/scale_decoder.v //ceng/dblue23/Documents/ENGE220_simon_project/modules/debounce.v //ceng/dblue23/Documents/ENGE220_simon_project/modules/unsigned_to_ASCII.v //ceng/dblue23/Documents/ENGE220_simon_project/modules/LCD_always.v //ceng/dblue23/Documents/ENGE220_simon_project/modules/speakerselect.v //ceng/dblue23/Documents/ENGE220_simon_project/modules/lcd_ctrl.v}
update_compile_order -fileset sources_1
update_compile_order -fileset sources_1
add_files -fileset constrs_1 -norecurse //ceng/dblue23/Documents/ENGE220_simon_project/constraints.xdc
import_files -fileset constrs_1 //ceng/dblue23/Documents/ENGE220_simon_project/constraints.xdc
import_files -norecurse //ceng/dblue23/Documents/ENGE220_simon_project/top.v
update_compile_order -fileset sources_1
# Disabling source management mode.  This is to allow the top design properties to be set without GUI intervention.
set_property source_mgmt_mode None [current_project]
set_property top top [current_fileset]
# Re-enabling previously disabled source management mode.
set_property source_mgmt_mode All [current_project]
update_compile_order -fileset sources_1
